21:53:20 **** Incremental Build of configuration Debug for project USART_RX_TX ****
make -j8 all 
arm-none-eabi-gcc "../Core/Src/main.c" -mcpu=cortex-m7 -std=gnu11 -g3 -DDEBUG -DUSE_HAL_DRIVER -DSTM32F767xx -c -I../Core/Inc -I../Drivers/STM32F7xx_HAL_Driver/Inc -I../Drivers/STM32F7xx_HAL_Driver/Inc/Legacy -I../Drivers/CMSIS/Device/ST/STM32F7xx/Include -I../Drivers/CMSIS/Include -O0 -ffunction-sections -fdata-sections -Wall -fstack-usage -MMD -MP -MF"Core/Src/main.d" -MT"Core/Src/main.o" --specs=nano.specs -mfpu=fpv5-d16 -mfloat-abi=hard -mthumb -o "Core/Src/main.o"
arm-none-eabi-gcc -o "USART_RX_TX.elf" @"objects.list"   -mcpu=cortex-m7 -T"C:\school_prosoft\usart\USART\USART_RX_TX\STM32F767ZITX_FLASH.ld" --specs=nosys.specs -Wl,-Map="USART_RX_TX.map" -Wl,--gc-sections -static --specs=nano.specs -mfpu=fpv5-d16 -mfloat-abi=hard -mthumb -Wl,--start-group -lc -lm -Wl,--end-group
Finished building target: USART_RX_TX.elf
 
arm-none-eabi-size   USART_RX_TX.elf 
arm-none-eabi-objdump -h -S  USART_RX_TX.elf  > "USART_RX_TX.list"
   text	   data	    bss	    dec	    hex	filename
  15024	     20	   1708	  16752	   4170	USART_RX_TX.elf
arm-none-eabi-objcopy  -O binary  USART_RX_TX.elf  "USART_RX_TX.bin"
Finished building: default.size.stdout
 
Finished building: USART_RX_TX.bin
Finished building: USART_RX_TX.list
 
 
21:53:27 **** Incremental Build of configuration Debug for project USART_RX_TX ****
make -j8 all 
arm-none-eabi-size   USART_RX_TX.elf 
   text	   data	    bss	    dec	    hex	filename
  15024	     20	   1708	  16752	   4170	USART_RX_TX.elf
Finished building: default.size.stdout
 
